// Vitest Snapshot v1, https://vitest.dev/guide/snapshot.html

exports[`MultiMatches Page > should render correctly 1`] = `
<DocumentFragment>
  <div
    class="h-full min-h-screen bg-base-100 p-4 sm:p-8"
    data-theme="light"
  >
    <main
      class="max-w-7xl mx-auto px-0 sm:px-6 lg:px-8"
    >
      <div>
        <div
          class="bg-base-200 rounded-xl p-8"
        >
          <div
            class="flex flex-col flex-wrap items-center text-center gap-4"
          >
            <div
              class="space-y-4"
            >
              <div
                class="p-8"
              >
                <h1
                  class="text-4xl font-bold text-primaryy"
                >
                  Multiple Matches
                </h1>
              </div>
              <p>
                Did you mean?
              </p>
              <ul>
                <li
                  class="hover:underline text-primary"
                >
                  <a
                    href="#/countries/Netherlands"
                  >
                    Netherlands
                  </a>
                </li>
                <li
                  class="hover:underline text-primary"
                >
                  <a
                    href="#/countries/Caribbean%20Netherlands"
                  >
                    Caribbean Netherlands
                  </a>
                </li>
              </ul>
            </div>
          </div>
        </div>
      </div>
    </main>
  </div>
</DocumentFragment>
`;
