// Vitest Snapshot v1, https://vitest.dev/guide/snapshot.html

exports[`LayoutWithNav Component > should render correctly 1`] = `
<DocumentFragment>
  <div
    class="h-full min-h-screen bg-base-100 p-4 sm:p-8"
    data-theme="light"
  >
    <main
      class="max-w-7xl mx-auto px-0 sm:px-6 lg:px-8"
    >
      <div
        class="space-y-4"
      >
        <div
          class="navbar bg-base-200 rounded-xl"
        >
          <div
            class="flex-1 px-4"
          >
            <a
              class="text-xl"
              href="/"
            >
              Country Facts
            </a>
          </div>
          <div
            class="flex-none"
          >
            <ul
              class="menu menu-horizontal px-1"
            >
              <li>
                <details>
                  <summary>
                    Theme
                  </summary>
                  <ul
                    class="bg-base-100 rounded-t-none p-2 max-h-56 overflow-auto"
                  >
                    <li>
                      <button>
                        light
                      </button>
                    </li>
                    <li>
                      <button>
                        dark
                      </button>
                    </li>
                    <li>
                      <button>
                        cupcake
                      </button>
                    </li>
                    <li>
                      <button>
                        bumblebee
                      </button>
                    </li>
                    <li>
                      <button>
                        emerald
                      </button>
                    </li>
                    <li>
                      <button>
                        corporate
                      </button>
                    </li>
                    <li>
                      <button>
                        synthwave
                      </button>
                    </li>
                    <li>
                      <button>
                        retro
                      </button>
                    </li>
                    <li>
                      <button>
                        cyberpunk
                      </button>
                    </li>
                    <li>
                      <button>
                        valentine
                      </button>
                    </li>
                    <li>
                      <button>
                        halloween
                      </button>
                    </li>
                    <li>
                      <button>
                        garden
                      </button>
                    </li>
                    <li>
                      <button>
                        forest
                      </button>
                    </li>
                    <li>
                      <button>
                        aqua
                      </button>
                    </li>
                    <li>
                      <button>
                        lofi
                      </button>
                    </li>
                    <li>
                      <button>
                        pastel
                      </button>
                    </li>
                    <li>
                      <button>
                        fantasy
                      </button>
                    </li>
                    <li>
                      <button>
                        wireframe
                      </button>
                    </li>
                    <li>
                      <button>
                        black
                      </button>
                    </li>
                    <li>
                      <button>
                        luxury
                      </button>
                    </li>
                    <li>
                      <button>
                        dracula
                      </button>
                    </li>
                    <li>
                      <button>
                        cmyk
                      </button>
                    </li>
                    <li>
                      <button>
                        autumn
                      </button>
                    </li>
                    <li>
                      <button>
                        business
                      </button>
                    </li>
                    <li>
                      <button>
                        acid
                      </button>
                    </li>
                    <li>
                      <button>
                        lemonade
                      </button>
                    </li>
                    <li>
                      <button>
                        night
                      </button>
                    </li>
                    <li>
                      <button>
                        coffee
                      </button>
                    </li>
                    <li>
                      <button>
                        winter
                      </button>
                    </li>
                    <li>
                      <button>
                        dim
                      </button>
                    </li>
                    <li>
                      <button>
                        nord
                      </button>
                    </li>
                    <li>
                      <button>
                        sunset
                      </button>
                    </li>
                  </ul>
                </details>
              </li>
              <li>
                <a
                  href="/countries"
                >
                  Countries
                </a>
              </li>
            </ul>
          </div>
        </div>
        <h1>
          Hello World
        </h1>
      </div>
    </main>
  </div>
</DocumentFragment>
`;
