// Vitest Snapshot v1, https://vitest.dev/guide/snapshot.html

exports[`BasicListInfo Component > should render correctly 1`] = `
<DocumentFragment>
  <div
    class="h-full min-h-screen bg-base-100 p-4 sm:p-8"
    data-theme="light"
  >
    <main
      class="max-w-7xl mx-auto px-0 sm:px-6 lg:px-8"
    />
  </div>
</DocumentFragment>
`;
