// Vitest Snapshot v1, https://vitest.dev/guide/snapshot.html

exports[`PageHeader Component > should render component correctly 1`] = `
<DocumentFragment>
  <div
    class="h-full min-h-screen bg-base-100 p-4 sm:p-8"
    data-theme="light"
  >
    <main
      class="max-w-7xl mx-auto px-0 sm:px-6 lg:px-8"
    >
      <div
        class="p-8"
      >
        <h1
          class="text-4xl font-bold text-primaryy"
        >
          Hello World
        </h1>
      </div>
    </main>
  </div>
</DocumentFragment>
`;
